﻿
> amplify-vite-react-template@0.0.0 build
> tsgo && vite build

[36mvite v8.0.10 [32mbuilding client environment for production...[36m[39m
[2K
transforming...Γ£ô 4224 modules transformed.
rendering chunks...
computing gzip size...
dist/index.html                                            0.62 kB Γöé gzip:   0.34 kB
dist/assets/fa-regular-400-nyy7hhHF.woff2                 18.92 kB
dist/assets/fa-brands-400-BP5tdqmh.woff2                 110.08 kB
dist/assets/fa-solid-900-DRAAbZTg.woff2                  114.74 kB
dist/assets/logo-DE9P0K69.jpeg                           478.47 kB
dist/assets/Vehicule-Dv4UFI_6.css                          1.20 kB Γöé gzip:   0.49 kB
dist/assets/ActivityLogs-C2k_QcAQ.css                      1.28 kB Γöé gzip:   0.47 kB
dist/assets/Employees-IC56OGCV.css                         1.58 kB Γöé gzip:   0.56 kB
dist/assets/QuotationPage-jKjflYPM.css                     3.23 kB Γöé gzip:   0.97 kB
dist/assets/ConfirmationPopup-DLFmFD2q.css                 3.63 kB Γöé gzip:   1.29 kB
dist/assets/SuccessPopup-BqHXRCo5.css                      4.97 kB Γöé gzip:   1.64 kB
dist/assets/DepartmentsAdmin-0iuG353P.css                  6.77 kB Γöé gzip:   1.65 kB
dist/assets/PushNotifications-p7vGmLaA.css                 7.71 kB Γöé gzip:   1.94 kB
dist/assets/InternalMessaging-XaKDZ7-Q.css                 8.12 kB Γöé gzip:   2.09 kB
dist/assets/DailyReport-BdrxMTm7.css                      10.90 kB Γöé gzip:   2.56 kB
dist/assets/ServiceCreation-Bi_kSM43.css                  11.53 kB Γöé gzip:   2.83 kB
dist/assets/RolesPoliciesAdmin-CMxIqy0p.css               11.66 kB Γöé gzip:   2.97 kB
dist/assets/CampaignAudienceAdmin-CV3HMMTP.css            14.82 kB Γöé gzip:   2.84 kB
dist/assets/Dashboard-CTiYtnsc.css                        14.85 kB Γöé gzip:   2.92 kB
dist/assets/JobOrderHistory-DjVAQrhN.css                  20.23 kB Γöé gzip:   3.87 kB
dist/assets/InventoryManagement-B4BSq6x0.css              22.63 kB Γöé gzip:   4.51 kB
dist/assets/UserAdmin-C5IZMggr.css                        24.51 kB Γöé gzip:   5.07 kB
dist/assets/PaymentInvoiceManagment-ma_tTgpS.css          25.74 kB Γöé gzip:   4.82 kB
dist/assets/QualityCheckModule-Q-R5vEA_.css               26.31 kB Γöé gzip:   4.77 kB
dist/assets/ExitPermitManagement-CEeFrbrs.css             31.34 kB Γöé gzip:   5.44 kB
dist/assets/FileSharing-XkEqW13y.css                      36.48 kB Γöé gzip:   7.61 kB
dist/assets/ServiceExecutionModule-2XLsAxn_.css           38.74 kB Γöé gzip:   6.12 kB
dist/assets/InspectionModule-BxwHY8K2.css                 41.61 kB Γöé gzip:   6.75 kB
dist/assets/JobCards-BevDP3K2.css                         48.07 kB Γöé gzip:   7.96 kB
dist/assets/MainLayout-BD7tRXLj.css                       55.21 kB Γöé gzip:   9.50 kB
dist/assets/index-DC8cpXnq.css                           412.18 kB Γöé gzip:  60.92 kB
dist/assets/UnifiedCustomerVehicleCards-Q_mbjouE.js        0.04 kB Γöé gzip:   0.06 kB
dist/assets/UnifiedJobOrderRoadmap-B82GkKvo.js             0.04 kB Γöé gzip:   0.06 kB
dist/assets/customerId-DIox5gy9.js                         0.16 kB Γöé gzip:   0.16 kB
dist/assets/activityLogger-BjBLJgOy.js                     0.26 kB Γöé gzip:   0.22 kB
dist/assets/typeof-4GwhTj0O.js                             0.27 kB Γöé gzip:   0.16 kB
dist/assets/searchUtils-CmLWheTK.js                        0.31 kB Γöé gzip:   0.22 kB
dist/assets/chunk-CilyBKbf.js                              0.69 kB Γöé gzip:   0.42 kB
dist/assets/discountPolicy-ZmHa4X9W.js                     1.01 kB Γöé gzip:   0.46 kB
dist/assets/documentVisibility-R0hXqxY1.js                 1.01 kB Γöé gzip:   0.42 kB
dist/assets/ActivityLogs-DBQo5sXp.js                       1.25 kB Γöé gzip:   0.63 kB
dist/assets/user-DxRXVoAB.js                               1.54 kB Γöé gzip:   0.88 kB
dist/assets/fi-BD_b_Jmt.js                                 1.86 kB Γöé gzip:   0.49 kB
dist/assets/SuccessPopup-fe_SuSWT.js                       1.99 kB Γöé gzip:   0.83 kB
dist/assets/ConfirmationPopup-aAf_bNIL.js                  2.11 kB Γöé gzip:   0.90 kB
dist/assets/paymentStatus-5Vs4WGPc.js                      2.15 kB Γöé gzip:   0.74 kB
dist/assets/ApprovalRequestsContext-CaqZ8iXG.js            2.17 kB Γöé gzip:   0.87 kB
dist/assets/actorIdentity-BQyNqdOS.js                      2.48 kB Γöé gzip:   0.89 kB
dist/assets/iconBase-DSh-8bJQ.js                           2.50 kB Γöé gzip:   1.09 kB
dist/assets/ErrorPopup-COUaxx3_.js                         2.56 kB Γöé gzip:   1.07 kB
dist/assets/billingFinance-CT99pV5B.js                     3.55 kB Γöé gzip:   1.32 kB
dist/assets/DatabaseCleanupAdmin-CSEx-UJH.js               4.28 kB Γöé gzip:   1.96 kB
dist/assets/vehicleColors-DE0IJmvR.js                      4.42 kB Γöé gzip:   2.40 kB
dist/assets/Tickets-Cw00WtfW.js                            4.58 kB Γöé gzip:   1.62 kB
dist/assets/Employees-BL0vCAsD.js                          4.75 kB Γöé gzip:   1.57 kB
dist/assets/UnifiedBillingInvoicesSection-tE0siBzw.js      6.58 kB Γöé gzip:   2.14 kB
dist/assets/userPermissions-DfL7HPzp.js                    6.69 kB Γöé gzip:   2.74 kB
dist/assets/CallTracking-CbHkCeUC.js                       6.95 kB Γöé gzip:   2.09 kB
dist/assets/UnifiedJobOrderRoadmapCard-jFZlyTDG.js         6.97 kB Γöé gzip:   2.34 kB
dist/assets/PermissionGate-2_xOYwX1.js                    11.21 kB Γöé gzip:   2.46 kB
dist/assets/serviceCatalogRepo-BbWurGm_.js                11.38 kB Γöé gzip:   2.10 kB
dist/assets/InternalMessaging-Q7lusTlI.js                 12.76 kB Γöé gzip:   4.33 kB
dist/assets/DepartmentsAdmin-C9MA95vI.js                  13.98 kB Γöé gzip:   3.48 kB
dist/assets/UnifiedJobOrderSummaryCard-DLqFvgR_.js        14.93 kB Γöé gzip:   3.65 kB
dist/assets/DailyReport-ai4F-mVQ.js                       18.60 kB Γöé gzip:   5.08 kB
dist/assets/PushNotifications-D5ON67KN.js                 19.56 kB Γöé gzip:   5.97 kB
dist/assets/QuotationPage-mwqJHOy_.js                     19.59 kB Γöé gzip:   6.82 kB
dist/assets/purify.es-D23rVvJ2.js                         22.43 kB Γöé gzip:   8.80 kB
dist/assets/QualityCheckModule-Bl0vUACB.js                24.53 kB Γöé gzip:   7.65 kB
dist/assets/MainLayout-BccF7SDR.js                        30.63 kB Γöé gzip:   7.98 kB
dist/assets/RolesPoliciesAdmin-DLT3I-8g.js                32.85 kB Γöé gzip:   7.94 kB
dist/assets/CampaignAudienceAdmin-BLVbRcQ-.js             33.40 kB Γöé gzip:   9.79 kB
dist/assets/UserAdmin-BKRAAshK.js                         34.11 kB Γöé gzip:   8.97 kB
dist/assets/ExitPermitManagement-CK_B125_.js              34.78 kB Γöé gzip:   8.98 kB
dist/assets/JobOrderHistory-B4JLCl_R.js                   35.21 kB Γöé gzip:   9.07 kB
dist/assets/ServiceCreation-CPmT3wLE.js                   38.86 kB Γöé gzip:   7.47 kB
dist/assets/Amplify-CtNtTQ_P.js                           41.48 kB Γöé gzip:  14.96 kB
dist/assets/jobOrderRepo-D_03-ox6.js                      46.17 kB Γöé gzip:  12.56 kB
dist/assets/InventoryManagement-CPh5qF-6.js               47.59 kB Γöé gzip:   9.22 kB
dist/assets/storage-BUJhYc9t.js                           56.07 kB Γöé gzip:  18.09 kB
dist/assets/InspectionModule-DOOIRzJw.js                  57.38 kB Γöé gzip:  15.44 kB
dist/assets/Vehicule-DqY_bNA2.js                          59.49 kB Γöé gzip:  13.73 kB
dist/assets/Customer-Bz0NNuKD.js                          62.64 kB Γöé gzip:  13.34 kB
dist/assets/PaymentInvoiceManagment-CdNUZBNI.js           63.07 kB Γöé gzip:  17.15 kB
dist/assets/ServiceExecutionModule-Dd9mD7KU.js           101.14 kB Γöé gzip:  30.39 kB
dist/assets/JobCards-emgNOZ2G.js                         140.13 kB Γöé gzip:  28.15 kB
dist/assets/index.es-BcQFc5n-.js                         151.41 kB Γöé gzip:  48.88 kB
dist/assets/html2canvas-Diif3xj5.js                      199.56 kB Γöé gzip:  46.78 kB
dist/assets/Dashboard-CkkILEFE.js                        386.94 kB Γöé gzip: 111.20 kB
dist/assets/xlsx-BeoYSsmy.js                             421.30 kB Γöé gzip: 140.52 kB
dist/assets/browser-BiFWTBqs.js                          421.62 kB Γöé gzip: 137.63 kB
dist/assets/FileSharing-CLA8q9IT.js                      442.09 kB Γöé gzip: 120.73 kB
dist/assets/index-DSqAvl7M.js                          1,081.95 kB Γöé gzip: 274.12 kB

[32mΓ£ô built in 1.26s[39m
node.exe : [33m[plugin builtin:vite-reporter] 
At line:1 char:1
+ & "C:\Program Files\nodejs/node.exe" "C:\Users\Musta\AppData\Roaming\ ...
+ ~~~~~~~~~~~~~~~~~~~~~~~~~~~~~~~~~~~~~~~~~~~~~~~~~~~~~~~~~~~~~~~~~~~~~
    + CategoryInfo          : NotSpecified: ([33m[plugin builtin:vite-reporte 
   r] :String) [], RemoteException
    + FullyQualifiedErrorId : NativeCommandError
 
(!) Some chunks are larger than 900 kB after minification. Consider:
- Using dynamic import() to code-split the application
- Use build.rolldownOptions.output.codeSplitting to improve chunking: 
https://rolldown.rs/reference/OutputOptions.codeSplitting
- Adjust chunk size limit for this warning via 
build.chunkSizeWarningLimit.[39m
